                     Cell Name |     Power-Grid View |      Number of Instances
-------------------------------------------------------------------------------
                      AN21HDX1 |                Tech |                        7
                     AN221HDX1 |                Tech |                       18
                      AN22HDX1 |                Tech |                      110
                     AN311HDX0 |                Tech |                        2
                      AN31HDX1 |                Tech |                        1
                     AN321HDX0 |                Tech |                        5
                      AN32HDX1 |                Tech |                        2
                      AND2HDX1 |                Tech |                       10
               ANTENNACELLN2HD |                Tech |                        7
                     AO211HDX0 |                Tech |                        9
                     AO211HDX1 |                Tech |                        2
                      AO21HDX1 |                Tech |                        1
                     AO221HDX0 |                Tech |                       10
                     AO222HDX0 |                Tech |                       24
                      AO22HDX0 |                Tech |                        3
                      AO22HDX1 |                Tech |                       24
                     AO311HDX0 |                Tech |                        1
                      AO32HDX1 |                Tech |                        8
                       BTHHDX1 |                Tech |                        1
                       BTLHDX1 |                Tech |                        1
                        BUHDX1 |                Tech |                       15
                       BUHDX12 |                Tech |                        8
                        BUHDX2 |                Tech |                       10
                       EN2HDX0 |                Tech |                        2
                       EO2HDX0 |                Tech |                        2
                        INHDX0 |                Tech |                        3
                        INHDX1 |                Tech |                       39
                       MU2HDX0 |                Tech |                      567
                      MU2IHDX0 |                Tech |                        1
                      MU2IHDX1 |                Tech |                        9
                      NA22HDX1 |                Tech |                       17
                       NA2HDX1 |                Tech |                       81
                     NA2I1HDX1 |                Tech |                       18
                       NA3HDX1 |                Tech |                        2
                     NA3I1HDX1 |                Tech |                        3
                     NA3I2HDX1 |                Tech |                        3
                       NA4HDX1 |                Tech |                       29
                     NA4I3HDX1 |                Tech |                        3
                     NA5I3HDX1 |                Tech |                       11
                       NO2HDX1 |                Tech |                       61
                     NO2I1HDX1 |                Tech |                       31
                       NO3HDX0 |                Tech |                        2
                       NO3HDX1 |                Tech |                        2
                     NO3I1HDX1 |                Tech |                        1
                     NO3I2HDX1 |                Tech |                        3
                     NO4I1HDX1 |                Tech |                        1
                     NO4I2HDX0 |                Tech |                        1
                     NO4I3HDX0 |                Tech |                        3
                     NO5I3HDX1 |                Tech |                        2
                     NO5I4HDX1 |                Tech |                        1
                     OA211HDX0 |                Tech |                        1
                      OA21HDX1 |                Tech |                        1
                      OA31HDX1 |                Tech |                        2
                     OA321HDX1 |                Tech |                        1
                      OA32HDX1 |                Tech |                        1
                     ON211HDX0 |                Tech |                        2
                      ON21HDX1 |                Tech |                       24
                     ON221HDX0 |                Tech |                        3
                     ON311HDX0 |                Tech |                        2
                      ON31HDX0 |                Tech |                        1
                     ON321HDX0 |                Tech |                        3
                       OR2HDX1 |                Tech |                        4
                       OR3HDX1 |                Tech |                        1
                    SDFFRQHDX1 |                Tech |                        1
                    SDFFSQHDX1 |                Tech |                       37
                    SDFRRQHDX1 |                Tech |                      620
                    SDFRSQHDX1 |                Tech |                        1
